\!python3 src/gpmon/tests/pg_qs_test_runner.py --port $PGPORT --database gpperfmon --user gpadmin
setting up...
done!
test when two backends try to extract state of each other...
ok!
test statistics of simple query...
ok!
test when two backends compete with each other to extract state from third running backend...
ok!
test statistics under calling function...
ok!
test plan costs...
ok!
test timing statistics...
ok!
test statistics on conflicting tuples under INSERT ON CONFLICT query...
ok!
test skip explain analyze query...
ok!
test statistics of init plan not supported now...
ok!
test qe can cache query state when finished...
ok!
tearing down...
done!
