External fts disabled. Using default answer files
Optimizer disabled. Using planner answer files
Resource group disabled. Using default answer files
Normal cluster detected. Replace '@hostname@' by hostname of contentid = 0
Force parallel mode disabled. Using default answer files
test tablespace                   ... ok         7080 ms (diff  110 ms)
parallel group (20 tests):  regproc pg_lsn txid int4 text int2 oid name int8 char varchar float4 boolean uuid money float8 bit enum numeric rangetypes
     boolean                      ... ok         1762 ms (diff   78 ms)
     char                         ... ok          980 ms (diff   56 ms)
     name                         ... ok          896 ms (diff   61 ms)
     varchar                      ... ok         1007 ms (diff   55 ms)
     text                         ... ok          750 ms (diff   73 ms)
     int2                         ... ok          757 ms (diff   65 ms)
     int4                         ... ok          740 ms (diff   71 ms)
     int8                         ... ok          899 ms (diff   95 ms)
     oid                          ... ok          882 ms (diff   56 ms)
     float4                       ... ok         1645 ms (diff   94 ms)
     float8                       ... ok         2736 ms (diff  123 ms)
     bit                          ... ok         3048 ms (diff   87 ms)
     numeric                      ... ok         6795 ms (diff  203 ms)
     txid                         ... ok          467 ms (diff   68 ms)
     uuid                         ... ok         1861 ms (diff   60 ms)
     enum                         ... ok         5583 ms (diff   84 ms)
     money                        ... ok         1922 ms (diff   75 ms)
     rangetypes                   ... ok         7126 ms (diff  144 ms)
     pg_lsn                       ... ok          383 ms (diff   63 ms)
     regproc                      ... ok          295 ms (diff   72 ms)
parallel group (20 tests):  time timetz date macaddr lseg circle path create_function_0 line macaddr8 interval point inet polygon box numerology timestamp timestamptz strings multirangetypes
     strings                      ... ok         3608 ms (diff  171 ms)
     numerology                   ... ok         2542 ms (diff   59 ms)
     point                        ... ok         1454 ms (diff   74 ms)
     lseg                         ... ok          657 ms (diff   53 ms)
     line                         ... ok         1049 ms (diff   55 ms)
     box                          ... ok         2209 ms (diff   82 ms)
     path                         ... ok          836 ms (diff   55 ms)
     polygon                      ... ok         1889 ms (diff   68 ms)
     circle                       ... ok          697 ms (diff   56 ms)
     date                         ... ok          538 ms (diff  120 ms)
     time                         ... ok          389 ms (diff   59 ms)
     timetz                       ... ok          436 ms (diff   63 ms)
     timestamp                    ... ok         2821 ms (diff  152 ms)
     timestamptz                  ... ok         3560 ms (diff  193 ms)
     interval                     ... ok         1261 ms (diff  105 ms)
     inet                         ... ok         1654 ms (diff  103 ms)
     macaddr                      ... ok          635 ms (diff   58 ms)
     macaddr8                     ... ok         1165 ms (diff   68 ms)
     multirangetypes              ... ok         4873 ms (diff  200 ms)
     create_function_0            ... ok          969 ms (diff   57 ms)
parallel group (12 tests):  comments unicode tstypes misc_sanity regex expressions type_sanity horology xid mvcc opr_sanity geometry
     geometry                     ... ok          816 ms (diff  291 ms)
     horology                     ... ok          597 ms (diff  212 ms)
     tstypes                      ... ok          102 ms (diff  116 ms)
     regex                        ... ok          406 ms (diff   82 ms)
     type_sanity                  ... ok          562 ms (diff   95 ms)
     opr_sanity                   ... ok          714 ms (diff  169 ms)
     misc_sanity                  ... ok          164 ms (diff   61 ms)
     comments                     ... ok           15 ms (diff   54 ms)
     expressions                  ... ok          513 ms (diff   72 ms)
     unicode                      ... ok           38 ms (diff   56 ms)
     xid                          ... ok          638 ms (diff   73 ms)
     mvcc                         ... ok          666 ms (diff   53 ms)
test create_function_1            ... ok          124 ms (diff   55 ms)
test create_type                  ... ok         1330 ms (diff   72 ms)
test create_table                 ... ok         8708 ms (diff  159 ms)
test create_function_2            ... ok          252 ms (diff   59 ms)
parallel group (5 tests):  copyselect copydml copy insert_conflict insert
     copy                         ... ok         7206 ms (diff   69 ms)
     copyselect                   ... ok         1969 ms (diff   75 ms)
     copydml                      ... ok         4704 ms (diff   57 ms)
     insert                       ... ok        14982 ms (diff  110 ms)
     insert_conflict              ... ok         9306 ms (diff   95 ms)
parallel group (3 tests):  create_operator create_procedure create_misc
     create_misc                  ... ok         1495 ms (diff   58 ms)
     create_operator              ... ok          427 ms (diff   68 ms)
     create_procedure             ... ok         1447 ms (diff   71 ms)
parallel group (5 tests):  create_index_spgist index_including_gist index_including create_view create_index
     create_index                 ... ok        20864 ms (diff  269 ms)
     create_index_spgist          ... ok         2947 ms (diff  175 ms)
     create_view                  ... ok        12580 ms (diff  167 ms)
     index_including              ... ok         7198 ms (diff   75 ms)
     index_including_gist         ... ok         3645 ms (diff   66 ms)
test gp_gin_index                 ... ok         1099 ms (diff  132 ms)
parallel group (16 tests):  errors infinite_recurse hash_func create_cast create_am typed_table select create_aggregate roleattributes create_function_3 drop_if_exists constraints vacuum inherit updatable_views triggers
     create_aggregate             ... ok        12701 ms (diff   71 ms)
     create_function_3            ... ok        18114 ms (diff   87 ms)
     create_cast                  ... ok         1683 ms (diff   55 ms)
     constraints                  ... ok        23432 ms (diff   93 ms)
     triggers                     ... ok        53280 ms (diff  226 ms)
     select                       ... ok         5124 ms (diff   96 ms)
     inherit                      ... ok        44786 ms (diff  186 ms)
     typed_table                  ... ok         2719 ms (diff   58 ms)
     vacuum                       ... ok        30293 ms (diff   74 ms)
     drop_if_exists               ... ok        18228 ms (diff   70 ms)
     updatable_views              ... ok        48071 ms (diff  205 ms)
     roleattributes               ... ok        13969 ms (diff   67 ms)
     create_am                    ... ok         2555 ms (diff   67 ms)
     hash_func                    ... ok         1042 ms (diff   71 ms)
     errors                       ... ok           60 ms (diff   74 ms)
     infinite_recurse             ... ok          257 ms (diff   53 ms)
test disable_autovacuum           ... ok        23438 ms (diff   75 ms)
test vacuum_stats                 ... ok          682 ms (diff   54 ms)
test enable_autovacuum            ... ok          118 ms (diff   55 ms)
test sanity_check                 ... ok        12108 ms (diff   66 ms)
parallel group (17 tests):  select_distinct_on random select_having delete select_implicit case hash_index portals union select_distinct select_into btree_index subselect arrays aggregates join update
     select_into                  ... ok         7567 ms (diff   67 ms)
     select_distinct              ... ok         6497 ms (diff   85 ms)
     select_distinct_on           ... ok          293 ms (diff   55 ms)
     select_implicit              ... ok         2245 ms (diff   68 ms)
     select_having                ... ok          782 ms (diff   56 ms)
     subselect                    ... ok         9512 ms (diff  143 ms)
     union                        ... ok         5525 ms (diff  128 ms)
     case                         ... ok         3071 ms (diff   71 ms)
     join                         ... ok        16488 ms (diff  394 ms)
     aggregates                   ... ok        13253 ms (diff  218 ms)
     random                       ... ok          729 ms (diff   54 ms)
     portals                      ... ok         5399 ms (diff  115 ms)
     arrays                       ... ok        11357 ms (diff  178 ms)
     btree_index                  ... ok         8307 ms (diff   75 ms)
     hash_index                   ... ok         4477 ms (diff   65 ms)
     update                       ... ok        24900 ms (diff  108 ms)
     delete                       ... ok         1322 ms (diff   55 ms)
test namespace                    ... ok          374 ms (diff   57 ms)
test transactions                 ... ok         2354 ms (diff  112 ms)
parallel group (22 tests):  init_privs drop_operator security_label appendonly_sample tablesample aocs_sample join_hash spgist lock gin gist password object_address replica_identity brin collate groupingsets identity matview generated privileges rowsecurity
     brin                         ... ok        14588 ms (diff   89 ms)
     gin                          ... ok        11781 ms (diff   67 ms)
     gist                         ... ok        12110 ms (diff   73 ms)
     spgist                       ... ok         9191 ms (diff   57 ms)
     privileges                   ... ok        40914 ms (diff  188 ms)
     init_privs                   ... ok          532 ms (diff   53 ms)
     security_label               ... ok         5052 ms (diff   56 ms)
     collate                      ... ok        17216 ms (diff   89 ms)
     matview                      ... ok        24684 ms (diff   93 ms)
     lock                         ... ok        11745 ms (diff   62 ms)
     replica_identity             ... ok        13273 ms (diff   65 ms)
     rowsecurity                  ... ok        41424 ms (diff  277 ms)
     object_address               ... ok        12722 ms (diff  192 ms)
     tablesample                  ... ok         5349 ms (diff   75 ms)
     groupingsets                 ... ok        17237 ms (diff  159 ms)
     drop_operator                ... ok         2174 ms (diff   54 ms)
     password                     ... ok        12187 ms (diff   61 ms)
     identity                     ... ok        22956 ms (diff   83 ms)
     generated                    ... ok        29107 ms (diff  111 ms)
     join_hash                    ... ok         6726 ms (diff  111 ms)
     appendonly_sample            ... ok         5247 ms (diff   69 ms)
     aocs_sample                  ... ok         5409 ms (diff   68 ms)
parallel group (2 tests):  brin_bloom brin_multi
     brin_bloom                   ... ok         1069 ms (diff   74 ms)
     brin_multi                   ... ok         1939 ms (diff   78 ms)
test task                         ... ok        12986 ms (diff   57 ms)
parallel group (15 tests):  dbsize collate.icu.utf8 async sysviews misc_functions tidrangescan tidscan tsrf alter_operator tid misc incremental_sort incremental_matview alter_generic create_table_like
     create_table_like            ... ok         9832 ms (diff   82 ms)
     alter_generic                ... ok         9246 ms (diff  106 ms)
     alter_operator               ... ok         1263 ms (diff   58 ms)
     misc                         ... ok         2779 ms (diff   79 ms)
     async                        ... ok           99 ms (diff   54 ms)
     dbsize                       ... ok           25 ms (diff   60 ms)
     misc_functions               ... ok          587 ms (diff   66 ms)
     sysviews                     ... ok          169 ms (diff   60 ms)
     tsrf                         ... ok         1228 ms (diff   86 ms)
     tid                          ... ok         2649 ms (diff   55 ms)
     tidscan                      ... ok         1189 ms (diff   67 ms)
     tidrangescan                 ... ok          977 ms (diff   73 ms)
     collate.icu.utf8             ... ok           69 ms (diff  151 ms)
     incremental_sort             ... ok         3179 ms (diff  155 ms)
     incremental_matview          ... ok         6505 ms (diff   98 ms)
test ivm                          ... ok         1356 ms (diff   59 ms)
parallel group (5 tests):  collate.linux.utf8 amutils psql_crosstab psql stats_ext
     psql                         ... ok         3481 ms (diff  360 ms)
     psql_crosstab                ... ok          410 ms (diff   62 ms)
     amutils                      ... ok          154 ms (diff   64 ms)
     stats_ext                    ... ok        10858 ms (diff  213 ms)
     collate.linux.utf8           ... ok           15 ms (diff  136 ms)
test select_parallel              ... ok         3036 ms (diff  132 ms)
test write_parallel               ... ok          307 ms (diff   66 ms)
test vacuum_parallel              ... ok          905 ms (diff   61 ms)
parallel group (2 tests):  subscription publication
     publication                  ... ok         2581 ms (diff   70 ms)
     subscription                 ... ok         1284 ms (diff   68 ms)
parallel group (16 tests):  advisory_lock portals_p2 combocid xmlmap indirect_toast functional_deps tsdicts select_views window tsearch guc dependency equivclass bitmapops cluster foreign_data
     select_views                 ... ok         6076 ms (diff  141 ms)
     portals_p2                   ... ok          259 ms (diff   59 ms)
     cluster                      ... ok        22407 ms (diff   82 ms)
     dependency                   ... ok        10381 ms (diff   60 ms)
     guc                          ... ok        10323 ms (diff   92 ms)
     bitmapops                    ... ok        17172 ms (diff   85 ms)
     combocid                     ... ok         1382 ms (diff   59 ms)
     tsearch                      ... ok         6902 ms (diff  185 ms)
     tsdicts                      ... ok         4966 ms (diff   95 ms)
     foreign_data                 ... ok        27719 ms (diff  170 ms)
     window                       ... ok         6597 ms (diff  257 ms)
     xmlmap                       ... ok         3073 ms (diff  120 ms)
     functional_deps              ... ok         4440 ms (diff   65 ms)
     advisory_lock                ... ok          197 ms (diff   65 ms)
     indirect_toast               ... ok         4423 ms (diff   62 ms)
     equivclass                   ... ok        11245 ms (diff   77 ms)
parallel group (6 tests):  jsonpath_encoding json_encoding jsonpath jsonb_jsonpath json jsonb
     json                         ... ok         1198 ms (diff  195 ms)
     jsonb                        ... ok         2527 ms (diff  335 ms)
     json_encoding                ... ok           19 ms (diff   65 ms)
     jsonpath                     ... ok           31 ms (diff   96 ms)
     jsonpath_encoding            ... ok           14 ms (diff   60 ms)
     jsonb_jsonpath               ... ok          110 ms (diff  174 ms)
parallel group (17 tests):  prepare limit returning conversion xml rowtypes plancache copy2 temp sequence with polymorphism truncate rangefuncs domain plpgsql alter_table
     plancache                    ... ok         9257 ms (diff   89 ms)
     limit                        ... ok         1864 ms (diff   74 ms)
     plpgsql                      ... ok        36075 ms (diff  341 ms)
     copy2                        ... ok        10168 ms (diff   82 ms)
     temp                         ... ok        11632 ms (diff   71 ms)
     domain                       ... ok        30253 ms (diff  112 ms)
     rangefuncs                   ... ok        24115 ms (diff  168 ms)
     prepare                      ... ok          541 ms (diff   62 ms)
     conversion                   ... ok         6959 ms (diff   91 ms)
     truncate                     ... ok        22952 ms (diff   81 ms)
     alter_table                  ... ok        63675 ms (diff  316 ms)
     sequence                     ... ok        12616 ms (diff   91 ms)
     polymorphism                 ... ok        22038 ms (diff  158 ms)
     rowtypes                     ... ok         8922 ms (diff  113 ms)
     returning                    ... ok         5362 ms (diff   67 ms)
     with                         ... ok        12749 ms (diff  196 ms)
     xml                          ... ok         6961 ms (diff  133 ms)
test gp_foreign_data              ... ok          888 ms (diff   57 ms)
parallel group (11 tests):  explain hash_part memoize reloptions tuplesort partition_info compression partition_aggregate partition_prune indexing partition_join
     partition_join               ... ok        36659 ms (diff  354 ms)
     partition_prune              ... ok        27012 ms (diff  399 ms)
     reloptions                   ... ok         3299 ms (diff   64 ms)
     hash_part                    ... ok         1215 ms (diff   57 ms)
     indexing                     ... ok        33863 ms (diff  136 ms)
     partition_aggregate          ... ok         7532 ms (diff  132 ms)
     partition_info               ... ok         3884 ms (diff   68 ms)
     tuplesort                    ... ok         3454 ms (diff   90 ms)
     explain                      ... FAILED      282 ms (diff  205 ms)
     compression                  ... ok         4484 ms (diff  178 ms)
     memoize                      ... ok         2193 ms (diff   66 ms)
parallel group (2 tests):  oidjoins event_trigger
     event_trigger                ... ok         3558 ms (diff   90 ms)
     oidjoins                     ... ok          401 ms (diff  185 ms)
test fast_default                 ... ok         8044 ms (diff   93 ms)
test stats                        ... ok         1490 ms (diff   64 ms)
test tag                          ... FAILED    64463 ms (diff  294 ms)
test pg_ext_aux                   ... ok          776 ms (diff   58 ms)
test gp_dispatch_keepalives       ... ok         5325 ms (diff   57 ms)
test copy_eol                     ... ok          494 ms (diff   56 ms)
test disable_autovacuum           ... ok        36615 ms (diff   56 ms)
test python_processed64bit        ... ok         9368 ms (diff   56 ms)
test enable_autovacuum            ... ok          153 ms (diff   54 ms)
test log_guc                      ... ok         1541 ms (diff   58 ms)
test instr_in_shmem_setup         ... ok        15287 ms (diff   57 ms)
test instr_in_shmem               ... ok         1901 ms (diff   66 ms)
test createdb                     ... ok       101853 ms (diff   62 ms)
parallel group (20 tests):  gp_metadata gp_xml gp_prepared_xacts gp_backend_info gp_sort combocid_gp resource_queue_with_rule variadic_parameters returning_gp spi default_parameters shared_scan gp_aggregates triggers_gp gp_types gp_index gp_aggregates_costs cluster_gp function_extensions update_gp
     gp_aggregates                ... ok        14878 ms (diff   75 ms)
     gp_aggregates_costs          ... ok        18495 ms (diff   61 ms)
     gp_metadata                  ... ok           22 ms (diff   51 ms)
     variadic_parameters          ... ok         6128 ms (diff   54 ms)
     default_parameters           ... ok         8201 ms (diff   58 ms)
     function_extensions          ... ok        28099 ms (diff   90 ms)
     spi                          ... ok         8174 ms (diff   54 ms)
     gp_xml                       ... ok           23 ms (diff   51 ms)
     shared_scan                  ... ok         8227 ms (diff   64 ms)
     update_gp                    ... ok        29409 ms (diff   90 ms)
     triggers_gp                  ... ok        16215 ms (diff   58 ms)
     returning_gp                 ... ok         7899 ms (diff   59 ms)
     resource_queue_with_rule     ... ok         5789 ms (diff   53 ms)
     gp_types                     ... ok        17895 ms (diff   88 ms)
     gp_index                     ... ok        18289 ms (diff   58 ms)
     cluster_gp                   ... ok        18601 ms (diff   55 ms)
     combocid_gp                  ... ok         4539 ms (diff   67 ms)
     gp_sort                      ... ok         1858 ms (diff   56 ms)
     gp_prepared_xacts            ... ok           44 ms (diff   52 ms)
     gp_backend_info              ... ok          924 ms (diff   61 ms)
test spi_processed64bit           ... ok         3730 ms (diff   65 ms)
test gp_tablespace_with_faults    ... 