-- start_ignore
DROP TABLE IF EXISTS cbdbheapsizetest;
DROP TABLE IF EXISTS cbdbaosizetest;
DROP EXTERNAL TABLE IF EXISTS cbdbsize_t_ext;
-- end_ignore
-- create heap table
CREATE TABLE cbdbheapsizetest(a int);
NOTICE:  Table doesn't have 'DISTRIBUTED BY' clause -- Using column named 'a' as the Apache Cloudberry data distribution key for this table.
HINT:  The 'DISTRIBUTED BY' clause determines the distribution of data. Make sure column(s) chosen are the optimal data distribution key to minimize skew.
INSERT INTO cbdbheapsizetest select generate_series(1, 1000);
-- create ao table
CREATE TABLE cbdbaosizetest (a int) WITH (appendonly=true, orientation=row);
NOTICE:  Table doesn't have 'DISTRIBUTED BY' clause -- Using column named 'a' as the Apache Cloudberry data distribution key for this table.
HINT:  The 'DISTRIBUTED BY' clause determines the distribution of data. Make sure column(s) chosen are the optimal data distribution key to minimize skew.
insert into cbdbaosizetest select generate_series(1, 100000);
-- create EXTERNAL table
CREATE EXTERNAL TABLE cbdbsize_t_ext (a integer) LOCATION ('file://127.0.0.1/tmp/foo') FORMAT 'text';
WITH cbdbrelsize AS (
	SELECT *
	FROM cbdb_relation_size((SELECT array['cbdbsize_t_ext'::regclass,'cbdbheapsizetest'::regclass, 'cbdbaosizetest'::regclass]))
), pgrelsize AS (
	SELECT pg_relation_size(oid) as size, relname, oid FROM pg_class where oid in ('cbdbsize_t_ext'::regclass,'cbdbheapsizetest'::regclass, 'cbdbaosizetest'::regclass)
)
SELECT pgrelsize.relname, pgrelsize.size, cbdbrelsize.size
FROM pgrelsize FULL JOIN cbdbrelsize
ON pgrelsize.oid = cbdbrelsize.reloid
WHERE pgrelsize.size != cbdbrelsize.size;
WARNING:  skipping "cbdbsize_t_ext" --- cannot calculate this foreign table size
WARNING:  skipping "cbdbsize_t_ext" --- cannot calculate this foreign table size
 relname | size | size 
---------+------+------
(0 rows)

SELECT * FROM cbdb_relation_size(array[]::oid[], 'main');
 reloid | size 
--------+------
(0 rows)

SELECT size FROM cbdb_relation_size(array['cbdbheapsizetest'::regclass], 'fsm');
 size 
------
    0
(1 row)

