select version() ~ '^PostgreSQL (1[0-9]+)(\.[0-9]+)?(devel|stable)?(beta[0-9])? \(Apache Cloudberry ([0-9]+\.){2}[0-9]+.+' as version;
 version 
---------
 t
(1 row)

select gp_opt_version() ~ '^(GPOPT version: 4.0.0, Xerces version: ([0-9]+\.){2}[0-9]+|Server has been compiled without ORCA)$' as version;
 version 
---------
 t
(1 row)

